>>> say_my_name = __import__('3-say_my_name').say_my_name

>>> say_my_name("Bob", "Dylan")
My name is Bob Dylan
>>> say_my_name(12, "Dylan")
Traceback (most recent call last):
    ...
TypeError: first_name must be a string
>>> say_my_name("Bob", 12)
Traceback (most recent call last):
    ...
TypeError: last_name must be a string
>>> say_my_name("Bob", "")
Traceback (most recent call last):
    ...
TypeError: last_name must be a string
>>> say_my_name("", "Dylan")
Traceback (most recent call last):
    ...
TypeError: first_name must be a string